// Jest Snapshot v1, https://goo.gl/fbAQLP

exports[`actions update chain \`./actions/index.js\` does not exist should do nothing 1`] = `""`;
