// Jest Snapshot v1, https://goo.gl/fbAQLP

exports[`holon-action-types-tests-describe it should add a default export.: it should add a default export. 1`] = `
"
import { DO_SOMETHING } from '../../action-types';

      ↓ ↓ ↓ ↓ ↓ ↓

import { DO_SOMETHING } from '../../action-types';
describe('action types', () => {});
"
`;
